array (
  1 => 
  array (
    0 => 
    array (
      'pid' => 166,
      'x_score' => '0.00',
      'month' => 6,
      'year' => 2019,
      'pname' => '革委员8888888会',
      'units_id' => 1,
      'name' => '孝感市人民政府',
      'alias_name' => '孝感市政府办公室',
    ),
    1 => 
    array (
      'pid' => 517,
      'x_score' => '0.00',
      'month' => 6,
      'year' => 2019,
      'pname' => '测试驳回修改项目517',
      'units_id' => 1,
      'name' => '孝感市人民政府',
      'alias_name' => '孝感市政府办公室',
    ),
  ),
  7 => 
  array (
    0 => 
    array (
      'pid' => 182,
      'x_score' => '0.00',
      'month' => 6,
      'year' => 2019,
      'pname' => '测试申报123',
      'units_id' => 7,
      'name' => '市司法局',
      'alias_name' => '孝感市司法局',
    ),
    1 => 
    array (
      'pid' => 188,
      'x_score' => '0.00',
      'month' => 6,
      'year' => 2019,
      'pname' => '测试正常通过完整流程3',
      'units_id' => 7,
      'name' => '市司法局',
      'alias_name' => '孝感市司法局',
    ),
    2 => 
    array (
      'pid' => 190,
      'x_score' => '0.00',
      'month' => 6,
      'year' => 2019,
      'pname' => '测试正常通过完整',
      'units_id' => 7,
      'name' => '市司法局',
      'alias_name' => '孝感市司法局',
    ),
    3 => 
    array (
      'pid' => 192,
      'x_score' => '0.00',
      'month' => 6,
      'year' => 2019,
      'pname' => '测试正常通过完整11对换',
      'units_id' => 7,
      'name' => '市司法局',
      'alias_name' => '孝感市司法局',
    ),
    4 => 
    array (
      'pid' => 194,
      'x_score' => '0.00',
      'month' => 6,
      'year' => 2019,
      'pname' => '测试正常通过完整112',
      'units_id' => 7,
      'name' => '市司法局',
      'alias_name' => '孝感市司法局',
    ),
    5 => 
    array (
      'pid' => 197,
      'x_score' => '0.00',
      'month' => 6,
      'year' => 2019,
      'pname' => '测试正常通过完整1121',
      'units_id' => 7,
      'name' => '市司法局',
      'alias_name' => '孝感市司法局',
    ),
    6 => 
    array (
      'pid' => 198,
      'x_score' => '0.00',
      'month' => 6,
      'year' => 2019,
      'pname' => '测2344',
      'units_id' => 7,
      'name' => '市司法局',
      'alias_name' => '孝感市司法局',
    ),
    7 => 
    array (
      'pid' => 199,
      'x_score' => '0.00',
      'month' => 6,
      'year' => 2019,
      'pname' => '测23434',
      'units_id' => 7,
      'name' => '市司法局',
      'alias_name' => '孝感市司法局',
    ),
    8 => 
    array (
      'pid' => 201,
      'x_score' => '0.00',
      'month' => 6,
      'year' => 2019,
      'pname' => '测23444334',
      'units_id' => 7,
      'name' => '市司法局',
      'alias_name' => '孝感市司法局',
    ),
    9 => 
    array (
      'pid' => 205,
      'x_score' => '0.00',
      'month' => 6,
      'year' => 2019,
      'pname' => '测32334454334',
      'units_id' => 7,
      'name' => '市司法局',
      'alias_name' => '孝感市司法局',
    ),
    10 => 
    array (
      'pid' => 208,
      'x_score' => '0.00',
      'month' => 6,
      'year' => 2019,
      'pname' => '测5323334454334',
      'units_id' => 7,
      'name' => '市司法局',
      'alias_name' => '孝感市司法局',
    ),
    11 => 
    array (
      'pid' => 213,
      'x_score' => '0.00',
      'month' => 6,
      'year' => 2019,
      'pname' => '测试正常通过完整123334',
      'units_id' => 7,
      'name' => '市司法局',
      'alias_name' => '孝感市司法局',
    ),
  ),
  0 => 
  array (
    0 => 
    array (
      'pid' => 185,
      'x_score' => '0.00',
      'month' => 6,
      'year' => 2019,
      'pname' => '测试项目申报4555',
      'units_id' => 0,
      'name' => NULL,
      'alias_name' => NULL,
    ),
  ),
)
